// Jest Snapshot v1, https://goo.gl/fbAQLP

exports[`User Component renders user component when when loading is false and no errors have occured   should render user component without any error 1`] = `
<div>
  <div
    class="MuiGrid-root MuiGrid-container"
    data-test="userComponent"
  >
    <div
      class="MuiGrid-root User-root-1 MuiGrid-container MuiGrid-direction-xs-column MuiGrid-align-items-xs-center MuiGrid-justify-xs-center"
    >
      <div
        class="MuiGrid-root MuiGrid-item"
      >
         
        <div
          class="User-square-2"
          data-test="avatar"
        >
          <div
            class="MuiAvatar-root MuiAvatar-circle User-avatar-4 MuiAvatar-colorDefault"
          >
            r 
          </div>
        </div>
      </div>
      <div
        class="MuiGrid-root User-userNameStyles-5 MuiGrid-item"
      >
        <p
          class="MuiTypography-root User-typographyStyles-8 MuiTypography-body1"
          data-test="username"
        >
          ros
        </p>
        <p
          class="MuiTypography-root MuiTypography-body1 MuiTypography-colorTextSecondary"
          data-test="useremail"
        >
          r@gmail.com
        </p>
        <hr
          class="User-lineStyles-3"
        />
        <div
          class="MuiGrid-root MuiGrid-container MuiGrid-spacing-xs-5 MuiGrid-justify-xs-center"
          data-test="navbar"
        >
          <div
            class="MuiGrid-root MuiGrid-item"
          >
            <button
              class="MuiButtonBase-root MuiButton-root MuiButton-text MuiButton-colorInherit"
              data-test="postsButton"
              tabindex="0"
              type="button"
            >
              <span
                class="MuiButton-label"
              >
                Posts
              </span>
            </button>
          </div>
          <div
            class="MuiGrid-root MuiGrid-item"
          >
            <button
              class="MuiButtonBase-root MuiButton-root MuiButton-text MuiButton-colorInherit"
              data-test="aboutUserButton"
              tabindex="0"
              type="button"
            >
              <span
                class="MuiButton-label"
              >
                About
              </span>
            </button>
          </div>
        </div>
      </div>
      <div
        class="MuiGrid-root MuiGrid-item"
        data-test="posts"
      >
        <div
          class="MuiGrid-root User-postStyles-6 MuiGrid-container MuiGrid-spacing-xs-4 MuiGrid-direction-xs-column MuiGrid-align-items-xs-center MuiGrid-justify-xs-center"
        >
          <div
            class="MuiGrid-root MuiGrid-item"
          >
            <div
              class="MuiPaper-root MuiCard-root makeStyles-root-9 MuiPaper-elevation1 MuiPaper-rounded"
              data-test="postDetails"
            >
              <div
                class="MuiCardHeader-root"
                data-test="postHeader"
              >
                <div
                  class="MuiCardHeader-avatar"
                >
                  <div
                    aria-label="recipe"
                    class="MuiAvatar-root MuiAvatar-circle makeStyles-avatar-15 MuiAvatar-colorDefault"
                  >
                    r
                  </div>
                </div>
                <div
                  class="MuiCardHeader-content"
                >
                  <span
                    class="MuiTypography-root MuiCardHeader-title MuiTypography-body2 MuiTypography-displayBlock"
                  >
                    <p
                      class="makeStyles-cardHeaderStyles-11"
                      style="margin:0;padding:0"
                    >
                      ros
                    </p>
                  </span>
                  <span
                    class="MuiTypography-root MuiCardHeader-subheader MuiTypography-body2 MuiTypography-colorTextSecondary MuiTypography-displayBlock"
                  >
                    September 14, 2016
                  </span>
                </div>
                <div
                  class="MuiCardHeader-action"
                >
                  <button
                    aria-label="settings"
                    class="MuiButtonBase-root MuiIconButton-root"
                    tabindex="0"
                    type="button"
                  >
                    <span
                      class="MuiIconButton-label"
                    >
                      <svg
                        aria-hidden="true"
                        class="MuiSvgIcon-root"
                        focusable="false"
                        viewBox="0 0 24 24"
                      >
                        <path
                          d="M12 8c1.1 0 2-.9 2-2s-.9-2-2-2-2 .9-2 2 .9 2 2 2zm0 2c-1.1 0-2 .9-2 2s.9 2 2 2 2-.9 2-2-.9-2-2-2zm0 6c-1.1 0-2 .9-2 2s.9 2 2 2 2-.9 2-2-.9-2-2-2z"
                        />
                      </svg>
                    </span>
                  </button>
                </div>
              </div>
              <div
                class="MuiCardContent-root"
                data-test="postBody"
              >
                 
                <a
                  class="makeStyles-linkStyles-16"
                  data-test="postLink"
                  href="/posts/undefined"
                >
                  <p
                    class="MuiTypography-root makeStyles-cardContentTitleStyles-12 MuiTypography-body2 MuiTypography-colorTextPrimary"
                    data-test="postTitle"
                  >
                    title 1
                  </p>
                </a>
                <p
                  class="MuiTypography-root MuiTypography-body2 MuiTypography-colorTextSecondary"
                  data-test="postContent"
                >
                  post 1
                </p>
              </div>
              <div
                class="MuiCardActions-root"
              >
                <button
                  aria-label="add to favorites"
                  class="MuiButtonBase-root MuiIconButton-root"
                  tabindex="0"
                  type="button"
                >
                  <span
                    class="MuiIconButton-label"
                  >
                    <svg
                      aria-hidden="true"
                      class="MuiSvgIcon-root"
                      focusable="false"
                      viewBox="0 0 24 24"
                    >
                      <path
                        d="M12 21.35l-1.45-1.32C5.4 15.36 2 12.28 2 8.5 2 5.42 4.42 3 7.5 3c1.74 0 3.41.81 4.5 2.09C13.09 3.81 14.76 3 16.5 3 19.58 3 22 5.42 22 8.5c0 3.78-3.4 6.86-8.55 11.54L12 21.35z"
                      />
                    </svg>
                  </span>
                </button>
                <button
                  aria-label="share"
                  class="MuiButtonBase-root MuiIconButton-root"
                  tabindex="0"
                  type="button"
                >
                  <span
                    class="MuiIconButton-label"
                  >
                    <svg
                      aria-hidden="true"
                      class="MuiSvgIcon-root"
                      focusable="false"
                      viewBox="0 0 24 24"
                    >
                      <path
                        d="M18 16.08c-.76 0-1.44.3-1.96.77L8.91 12.7c.05-.23.09-.46.09-.7s-.04-.47-.09-.7l7.05-4.11c.54.5 1.25.81 2.04.81 1.66 0 3-1.34 3-3s-1.34-3-3-3-3 1.34-3 3c0 .24.04.47.09.7L8.04 9.81C7.5 9.31 6.79 9 6 9c-1.66 0-3 1.34-3 3s1.34 3 3 3c.79 0 1.5-.31 2.04-.81l7.12 4.16c-.05.21-.08.43-.08.65 0 1.61 1.31 2.92 2.92 2.92 1.61 0 2.92-1.31 2.92-2.92s-1.31-2.92-2.92-2.92z"
                      />
                    </svg>
                  </span>
                </button>
                <button
                  aria-expanded="false"
                  aria-label="show more"
                  class="MuiButtonBase-root MuiIconButton-root makeStyles-expand-13"
                  tabindex="0"
                  type="button"
                >
                  <span
                    class="MuiIconButton-label"
                  >
                    <svg
                      aria-hidden="true"
                      class="MuiSvgIcon-root"
                      focusable="false"
                      viewBox="0 0 24 24"
                    >
                      <path
                        d="M16.59 8.59L12 13.17 7.41 8.59 6 10l6 6 6-6z"
                      />
                    </svg>
                  </span>
                </button>
              </div>
            </div>
          </div>
        </div>
      </div>
    </div>
  </div>
   
</div>
`;
